------------------------------------------------------------
TimeQuest Timing Analyzer Summary
------------------------------------------------------------

Type  : Slow 1200mV 85C Model Setup 'CLOCK_50'
Slack : -2.289
TNS   : -26.267

Type  : Slow 1200mV 85C Model Setup 'LCD_Transmitter:LCD|clk_en'
Slack : -2.267
TNS   : -27.707

Type  : Slow 1200mV 85C Model Hold 'LCD_Transmitter:LCD|clk_en'
Slack : 0.404
TNS   : 0.000

Type  : Slow 1200mV 85C Model Hold 'CLOCK_50'
Slack : 0.654
TNS   : 0.000

Type  : Slow 1200mV 85C Model Minimum Pulse Width 'CLOCK_50'
Slack : -3.000
TNS   : -24.845

Type  : Slow 1200mV 85C Model Minimum Pulse Width 'LCD_Transmitter:LCD|clk_en'
Slack : -1.285
TNS   : -24.415

Type  : Slow 1200mV 0C Model Setup 'CLOCK_50'
Slack : -2.017
TNS   : -22.031

Type  : Slow 1200mV 0C Model Setup 'LCD_Transmitter:LCD|clk_en'
Slack : -1.960
TNS   : -23.867

Type  : Slow 1200mV 0C Model Hold 'LCD_Transmitter:LCD|clk_en'
Slack : 0.355
TNS   : 0.000

Type  : Slow 1200mV 0C Model Hold 'CLOCK_50'
Slack : 0.598
TNS   : 0.000

Type  : Slow 1200mV 0C Model Minimum Pulse Width 'CLOCK_50'
Slack : -3.000
TNS   : -24.845

Type  : Slow 1200mV 0C Model Minimum Pulse Width 'LCD_Transmitter:LCD|clk_en'
Slack : -1.285
TNS   : -24.415

Type  : Fast 1200mV 0C Model Setup 'CLOCK_50'
Slack : -0.572
TNS   : -4.297

Type  : Fast 1200mV 0C Model Setup 'LCD_Transmitter:LCD|clk_en'
Slack : -0.570
TNS   : -5.548

Type  : Fast 1200mV 0C Model Hold 'LCD_Transmitter:LCD|clk_en'
Slack : 0.182
TNS   : 0.000

Type  : Fast 1200mV 0C Model Hold 'CLOCK_50'
Slack : 0.298
TNS   : 0.000

Type  : Fast 1200mV 0C Model Minimum Pulse Width 'CLOCK_50'
Slack : -3.000
TNS   : -25.026

Type  : Fast 1200mV 0C Model Minimum Pulse Width 'LCD_Transmitter:LCD|clk_en'
Slack : -1.000
TNS   : -19.000

------------------------------------------------------------
